// Jest Snapshot v1, https://goo.gl/fbAQLP

exports[`firestore-messagebird-send-msg functions configuration detected from environment variables 1`] = `
{
  "accessKey": "aaa",
  "location": "europe-west1",
  "logLevel": "warn",
  "msgCollection": "msg",
}
`;
